#-----------------------------------------------------------
# Vivado v2025.2 (64-bit)
# SW Build 6299465 on Fri Nov 14 19:35:11 GMT 2025
# IP Build 6300035 on Fri Nov 14 10:48:45 MST 2025
# SharedData Build 6298862 on Thu Nov 13 04:50:51 MST 2025
# Start of session at: Sun Sep 20 23:23:11 2026
# Process ID         : 26636
# Current directory  : C:/GithubRepos/Hackathon_F26
# Command line       : vivado.exe -mode batch -source C:\Users\Blaze\.gemini\antigravity\brain\f3a26c17-75ec-4188-b104-352681cd1bcf\scratch\verify_mem_synth.tcl
# Log file           : C:/GithubRepos/Hackathon_F26/vivado.log
# Journal file       : C:/GithubRepos/Hackathon_F26\vivado.jou
# Running On         : KZLap
# Platform           : Windows Server 2016 or Windows 10
# Operating System   : 26200
# Processor Detail   : Intel(R) Core(TM) Ultra 7 255HX
# CPU Frequency      : 2880 MHz
# CPU Physical cores : 20
# CPU Logical cores  : 20
# Host memory        : 33752 MB
# Swap memory        : 15913 MB
# Total Virtual      : 49666 MB
# Available Virtual  : 5719 MB
#-----------------------------------------------------------
source {C:\Users\Blaze\.gemini\antigravity\brain\f3a26c17-75ec-4188-b104-352681cd1bcf\scratch\verify_mem_synth.tcl}
