Copyright 1986-2022 Xilinx, Inc. All Rights Reserved. Copyright 2022-2025 Advanced Micro Devices, Inc. All Rights Reserved.
----------------------------------------------------------------------------------------------------------------------------------------------------
| Tool Version     : Vivado v.2025.2 (win64) Build 6299465 Fri Nov 14 19:35:11 GMT 2025
| Date             : Sun Sep 20 23:34:31 2026
| Host             : KZLap running 64-bit major release  (build 9200)
| Command          : report_power -file basys3_top_power_routed.rpt -pb basys3_top_power_summary_routed.pb -rpx basys3_top_power_routed.rpx
| Design           : basys3_top
| Device           : xc7a35tcpg236-1
| Design State     : routed
| Grade            : commercial
| Process          : typical
| Characterization : Production
----------------------------------------------------------------------------------------------------------------------------------------------------

Power Report

Table of Contents
-----------------
1. Summary
1.1 On-Chip Components
1.2 Power Supply Summary
1.3 Confidence Level
2. Settings
2.1 Environment
2.2 Clock Constraints
3. Detailed Reports
3.1 By Hierarchy

1. Summary
----------

+--------------------------+--------------+
| Total On-Chip Power (W)  | 0.504        |
| Design Power Budget (W)  | Unspecified* |
| Power Budget Margin (W)  | NA           |
| Dynamic (W)              | 0.431        |
| Device Static (W)        | 0.073        |
| Effective TJA (C/W)      | 5.0          |
| Max Ambient (C)          | 82.5         |
| Junction Temperature (C) | 27.5         |
| Confidence Level         | Low          |
| Setting File             | ---          |
| Simulation Activity File | ---          |
| Design Nets Matched      | NA           |
+--------------------------+--------------+
* Specify Design Power Budget using, set_operating_conditions -design_power_budget <value in Watts>


1.1 On-Chip Components
----------------------

+----------------+-----------+----------+-----------+-----------------+
| On-Chip        | Power (W) | Used     | Available | Utilization (%) |
+----------------+-----------+----------+-----------+-----------------+
| Clocks         |     0.037 |        3 |       --- |             --- |
| Slice Logic    |     0.162 |    55120 |       --- |             --- |
|   LUT as Logic |     0.132 |    20239 |     20800 |           97.30 |
|   CARRY4       |     0.024 |     3589 |      8150 |           44.04 |
|   F7/F8 Muxes  |     0.004 |     3168 |     32600 |            9.72 |
|   Register     |     0.002 |    17232 |     41600 |           41.42 |
|   Others       |     0.000 |      140 |       --- |             --- |
| Signals        |     0.158 |    29622 |       --- |             --- |
| Block RAM      |     0.050 |        9 |        50 |           18.00 |
| I/O            |     0.025 |       42 |       106 |           39.62 |
| Static Power   |     0.073 |          |           |                 |
| Total          |     0.504 |          |           |                 |
+----------------+-----------+----------+-----------+-----------------+


1.2 Power Supply Summary
------------------------

+-----------+-------------+-----------+-------------+------------+-------------+-------------+------------+
| Source    | Voltage (V) | Total (A) | Dynamic (A) | Static (A) | Powerup (A) | Budget (A)  | Margin (A) |
+-----------+-------------+-----------+-------------+------------+-------------+-------------+------------+
| Vccint    |       1.000 |     0.415 |       0.405 |      0.011 |       NA    | Unspecified | NA         |
| Vccaux    |       1.800 |     0.014 |       0.001 |      0.013 |       NA    | Unspecified | NA         |
| Vcco33    |       3.300 |     0.008 |       0.007 |      0.001 |       NA    | Unspecified | NA         |
| Vcco25    |       2.500 |     0.000 |       0.000 |      0.000 |       NA    | Unspecified | NA         |
| Vcco18    |       1.800 |     0.000 |       0.000 |      0.000 |       NA    | Unspecified | NA         |
| Vcco15    |       1.500 |     0.000 |       0.000 |      0.000 |       NA    | Unspecified | NA         |
| Vcco135   |       1.350 |     0.000 |       0.000 |      0.000 |       NA    | Unspecified | NA         |
| Vcco12    |       1.200 |     0.000 |       0.000 |      0.000 |       NA    | Unspecified | NA         |
| Vccaux_io |       1.800 |     0.000 |       0.000 |      0.000 |       NA    | Unspecified | NA         |
| Vccbram   |       1.000 |     0.002 |       0.002 |      0.000 |       NA    | Unspecified | NA         |
| MGTAVcc   |       1.000 |     0.000 |       0.000 |      0.000 |       NA    | Unspecified | NA         |
| MGTAVtt   |       1.200 |     0.000 |       0.000 |      0.000 |       NA    | Unspecified | NA         |
| Vccadc    |       1.800 |     0.020 |       0.000 |      0.020 |       NA    | Unspecified | NA         |
+-----------+-------------+-----------+-------------+------------+-------------+-------------+------------+


1.3 Confidence Level
--------------------

+-----------------------------+------------+--------------------------------------------------------+------------------------------------------------------------------------------------------------------------+
| User Input Data             | Confidence | Details                                                | Action                                                                                                     |
+-----------------------------+------------+--------------------------------------------------------+------------------------------------------------------------------------------------------------------------+
| Design implementation state | High       | Design is routed                                       |                                                                                                            |
| Clock nodes activity        | High       | User specified more than 95% of clocks                 |                                                                                                            |
| I/O nodes activity          | Low        | More than 75% of inputs are missing user specification | Provide missing input activity with simulation results or by editing the "By Resource Type -> I/Os" view   |
| Internal nodes activity     | Medium     | User specified less than 25% of internal nodes         | Provide missing internal nodes activity with simulation results or by editing the "By Resource Type" views |
| Device models               | High       | Device models are Production                           |                                                                                                            |
|                             |            |                                                        |                                                                                                            |
| Overall confidence level    | Low        |                                                        |                                                                                                            |
+-----------------------------+------------+--------------------------------------------------------+------------------------------------------------------------------------------------------------------------+


2. Settings
-----------

2.1 Environment
---------------

+-----------------------+--------------------------+
| Ambient Temp (C)      | 25.0                     |
| ThetaJA (C/W)         | 5.0                      |
| Airflow (LFM)         | 250                      |
| Heat Sink             | medium (Medium Profile)  |
| ThetaSA (C/W)         | 4.6                      |
| Board Selection       | medium (10"x10")         |
| # of Board Layers     | 12to15 (12 to 15 Layers) |
| Board Temperature (C) | 25.0                     |
+-----------------------+--------------------------+


2.2 Clock Constraints
---------------------

+-------------+--------+-----------------+
| Clock       | Domain | Constraint (ns) |
+-------------+--------+-----------------+
| sys_clk_pin | clk    |            10.0 |
+-------------+--------+-----------------+


3. Detailed Reports
-------------------

3.1 By Hierarchy
----------------

+----------------------------------------+-----------+
| Name                                   | Power (W) |
+----------------------------------------+-----------+
| basys3_top                             |     0.431 |
|   u_sys                                |     0.404 |
|     inst_count                         |     0.004 |
|     inst_fifo                          |     0.093 |
|     inst_kera_mem                      |     0.202 |
|     inst_sysArr                        |     0.104 |
|       genblk1[0].processUnits[3].inst  |     0.002 |
|       genblk1[10].processUnits[3].inst |     0.002 |
|       genblk1[11].processUnits[3].inst |     0.002 |
|       genblk1[12].processUnits[3].inst |     0.002 |
|       genblk1[13].processUnits[3].inst |     0.002 |
|       genblk1[14].processUnits[3].inst |     0.002 |
|       genblk1[15].processUnits[3].inst |     0.002 |
|       genblk1[1].processUnits[3].inst  |     0.002 |
|       genblk1[2].processUnits[3].inst  |     0.002 |
|       genblk1[3].processUnits[3].inst  |     0.002 |
|       genblk1[4].processUnits[3].inst  |     0.002 |
|       genblk1[5].processUnits[3].inst  |     0.002 |
|       genblk1[6].processUnits[3].inst  |     0.002 |
|       genblk1[7].processUnits[3].inst  |     0.003 |
|       genblk1[8].processUnits[3].inst  |     0.002 |
|       genblk1[9].processUnits[3].inst  |     0.002 |
+----------------------------------------+-----------+


